Archive member included to satisfy reference by file (symbol)

/home/martin/programasInstalados/Ac6/SystemWorkbench/plugins/fr.ac6.mcu.externaltools.arm-none.linux64_1.17.0.201812190825/tools/compiler/bin/../lib/gcc/arm-none-eabi/7.3.1/../../../../arm-none-eabi/lib/thumb/v7-m/libc.a(lib_a-errno.o)
                              src/syscalls.o (__errno)
/home/martin/programasInstalados/Ac6/SystemWorkbench/plugins/fr.ac6.mcu.externaltools.arm-none.linux64_1.17.0.201812190825/tools/compiler/bin/../lib/gcc/arm-none-eabi/7.3.1/../../../../arm-none-eabi/lib/thumb/v7-m/libc.a(lib_a-exit.o)
                              /home/martin/programasInstalados/Ac6/SystemWorkbench/plugins/fr.ac6.mcu.externaltools.arm-none.linux64_1.17.0.201812190825/tools/compiler/bin/../lib/gcc/arm-none-eabi/7.3.1/../../../../arm-none-eabi/lib/thumb/v7-m/crt0.o (exit)
/home/martin/programasInstalados/Ac6/SystemWorkbench/plugins/fr.ac6.mcu.externaltools.arm-none.linux64_1.17.0.201812190825/tools/compiler/bin/../lib/gcc/arm-none-eabi/7.3.1/../../../../arm-none-eabi/lib/thumb/v7-m/libc.a(lib_a-impure.o)
                              /home/martin/programasInstalados/Ac6/SystemWorkbench/plugins/fr.ac6.mcu.externaltools.arm-none.linux64_1.17.0.201812190825/tools/compiler/bin/../lib/gcc/arm-none-eabi/7.3.1/../../../../arm-none-eabi/lib/thumb/v7-m/libc.a(lib_a-exit.o) (_global_impure_ptr)
/home/martin/programasInstalados/Ac6/SystemWorkbench/plugins/fr.ac6.mcu.externaltools.arm-none.linux64_1.17.0.201812190825/tools/compiler/bin/../lib/gcc/arm-none-eabi/7.3.1/../../../../arm-none-eabi/lib/thumb/v7-m/libc.a(lib_a-init.o)
                              /home/martin/programasInstalados/Ac6/SystemWorkbench/plugins/fr.ac6.mcu.externaltools.arm-none.linux64_1.17.0.201812190825/tools/compiler/bin/../lib/gcc/arm-none-eabi/7.3.1/../../../../arm-none-eabi/lib/thumb/v7-m/crt0.o (__libc_init_array)
/home/martin/programasInstalados/Ac6/SystemWorkbench/plugins/fr.ac6.mcu.externaltools.arm-none.linux64_1.17.0.201812190825/tools/compiler/bin/../lib/gcc/arm-none-eabi/7.3.1/../../../../arm-none-eabi/lib/thumb/v7-m/libc.a(lib_a-memset.o)
                              /home/martin/programasInstalados/Ac6/SystemWorkbench/plugins/fr.ac6.mcu.externaltools.arm-none.linux64_1.17.0.201812190825/tools/compiler/bin/../lib/gcc/arm-none-eabi/7.3.1/../../../../arm-none-eabi/lib/thumb/v7-m/crt0.o (memset)
/home/martin/programasInstalados/Ac6/SystemWorkbench/plugins/fr.ac6.mcu.externaltools.arm-none.linux64_1.17.0.201812190825/tools/compiler/bin/../lib/gcc/arm-none-eabi/7.3.1/../../../../arm-none-eabi/lib/thumb/v7-m/libc.a(lib_a-strcmp.o)
                              src/main.o (strcmp)
/home/martin/programasInstalados/Ac6/SystemWorkbench/plugins/fr.ac6.mcu.externaltools.arm-none.linux64_1.17.0.201812190825/tools/compiler/bin/../lib/gcc/arm-none-eabi/7.3.1/../../../../arm-none-eabi/lib/thumb/v7-m/libc.a(lib_a-strcpy.o)
                              src/main.o (strcpy)
/home/martin/programasInstalados/Ac6/SystemWorkbench/plugins/fr.ac6.mcu.externaltools.arm-none.linux64_1.17.0.201812190825/tools/compiler/bin/../lib/gcc/arm-none-eabi/7.3.1/../../../../arm-none-eabi/lib/thumb/v7-m/libc.a(lib_a-__call_atexit.o)
                              /home/martin/programasInstalados/Ac6/SystemWorkbench/plugins/fr.ac6.mcu.externaltools.arm-none.linux64_1.17.0.201812190825/tools/compiler/bin/../lib/gcc/arm-none-eabi/7.3.1/../../../../arm-none-eabi/lib/thumb/v7-m/libc.a(lib_a-exit.o) (__call_exitprocs)
/home/martin/programasInstalados/Ac6/SystemWorkbench/plugins/fr.ac6.mcu.externaltools.arm-none.linux64_1.17.0.201812190825/tools/compiler/bin/../lib/gcc/arm-none-eabi/7.3.1/../../../../arm-none-eabi/lib/thumb/v7-m/libc.a(lib_a-atexit.o)
                              /home/martin/programasInstalados/Ac6/SystemWorkbench/plugins/fr.ac6.mcu.externaltools.arm-none.linux64_1.17.0.201812190825/tools/compiler/bin/../lib/gcc/arm-none-eabi/7.3.1/../../../../arm-none-eabi/lib/thumb/v7-m/libc.a(lib_a-__call_atexit.o) (atexit)
/home/martin/programasInstalados/Ac6/SystemWorkbench/plugins/fr.ac6.mcu.externaltools.arm-none.linux64_1.17.0.201812190825/tools/compiler/bin/../lib/gcc/arm-none-eabi/7.3.1/../../../../arm-none-eabi/lib/thumb/v7-m/libc.a(lib_a-fini.o)
                              /home/martin/programasInstalados/Ac6/SystemWorkbench/plugins/fr.ac6.mcu.externaltools.arm-none.linux64_1.17.0.201812190825/tools/compiler/bin/../lib/gcc/arm-none-eabi/7.3.1/../../../../arm-none-eabi/lib/thumb/v7-m/libc.a(lib_a-__call_atexit.o) (__libc_fini_array)
/home/martin/programasInstalados/Ac6/SystemWorkbench/plugins/fr.ac6.mcu.externaltools.arm-none.linux64_1.17.0.201812190825/tools/compiler/bin/../lib/gcc/arm-none-eabi/7.3.1/../../../../arm-none-eabi/lib/thumb/v7-m/libc.a(lib_a-lock.o)
[...]
Memory Configuration

Name             Origin             Length             Attributes
RAM              0x0000000020000000 0x0000000000005000 xrw
ROM              0x0000000008000000 0x0000000000020000 xr
*default*        0x0000000000000000 0xffffffffffffffff

Linker script and memory map

LOAD /home/martin/programasInstalados/Ac6/SystemWorkbench/plugins/fr.ac6.mcu.externaltools.arm-none.linux64_1.17.0.201812190825/tools/compiler/bin/../lib/gcc/arm-none-eabi/7.3.1/thumb/v7-m/crti.o
LOAD /home/martin/programasInstalados/Ac6/SystemWorkbench/plugins/fr.ac6.mcu.externaltools.arm-none.linux64_1.17.0.201812190825/tools/compiler/bin/../lib/gcc/arm-none-eabi/7.3.1/thumb/v7-m/crtbegin.o
LOAD /home/martin/programasInstalados/Ac6/SystemWorkbench/plugins/fr.ac6.mcu.externaltools.arm-none.linux64_1.17.0.201812190825/tools/compiler/bin/../lib/gcc/arm-none-eabi/7.3.1/../../../../arm-none-eabi/lib/thumb/v7-m/crt0.o
LOAD CMSIS/core/core_cm3.o
LOAD StdPeriph_Driver/src/misc.o
LOAD StdPeriph_Driver/src/stm32f10x_adc.o
LOAD StdPeriph_Driver/src/stm32f10x_bkp.o
LOAD StdPeriph_Driver/src/stm32f10x_can.o
LOAD StdPeriph_Driver/src/stm32f10x_cec.o
LOAD StdPeriph_Driver/src/stm32f10x_crc.o
LOAD StdPeriph_Driver/src/stm32f10x_dac.o
LOAD StdPeriph_Driver/src/stm32f10x_dbgmcu.o
LOAD StdPeriph_Driver/src/stm32f10x_dma.o
LOAD StdPeriph_Driver/src/stm32f10x_exti.o
LOAD StdPeriph_Driver/src/stm32f10x_flash.o
LOAD StdPeriph_Driver/src/stm32f10x_fsmc.o
LOAD StdPeriph_Driver/src/stm32f10x_gpio.o
LOAD StdPeriph_Driver/src/stm32f10x_i2c.o
LOAD StdPeriph_Driver/src/stm32f10x_iwdg.o
LOAD StdPeriph_Driver/src/stm32f10x_pwr.o
LOAD StdPeriph_Driver/src/stm32f10x_rcc.o
LOAD StdPeriph_Driver/src/stm32f10x_rtc.o
LOAD StdPeriph_Driver/src/stm32f10x_sdio.o
LOAD StdPeriph_Driver/src/stm32f10x_spi.o
LOAD StdPeriph_Driver/src/stm32f10x_tim.o
LOAD StdPeriph_Driver/src/stm32f10x_usart.o
LOAD StdPeriph_Driver/src/stm32f10x_wwdg.o
LOAD src/main.o
LOAD src/syscalls.o
LOAD src/system_stm32f10x.o
LOAD startup/startup_stm32.o
LOAD /home/martin/programasInstalados/Ac6/SystemWorkbench/plugins/fr.ac6.mcu.externaltools.arm-none.linux64_1.17.0.201812190825/tools/compiler/bin/../lib/gcc/arm-none-eabi/7.3.1/../../../../arm-none-eabi/lib/thumb/v7-m/libm.a
START GROUP
LOAD /home/martin/programasInstalados/Ac6/SystemWorkbench/plugins/fr.ac6.mcu.externaltools.arm-none.linux64_1.17.0.201812190825/tools/compiler/bin/../lib/gcc/arm-none-eabi/7.3.1/thumb/v7-m/libgcc.a
LOAD /home/martin/programasInstalados/Ac6/SystemWorkbench/plugins/fr.ac6.mcu.externaltools.arm-none.linux64_1.17.0.201812190825/tools/compiler/bin/../lib/gcc/arm-none-eabi/7.3.1/../../../../arm-none-eabi/lib/thumb/v7-m/libc.a
END GROUP
LOAD /home/martin/programasInstalados/Ac6/SystemWorkbench/plugins/fr.ac6.mcu.externaltools.arm-none.linux64_1.17.0.201812190825/tools/compiler/bin/../lib/gcc/arm-none-eabi/7.3.1/thumb/v7-m/crtend.o
LOAD /home/martin/programasInstalados/Ac6/SystemWorkbench/plugins/fr.ac6.mcu.externaltools.arm-none.linux64_1.17.0.201812190825/tools/compiler/bin/../lib/gcc/arm-none-eabi/7.3.1/thumb/v7-m/crtn.o
                0x0000000020005000                _estack = 0x20005000
                0x0000000000000000                _Min_Heap_Size = 0x0
                0x0000000000000400                _Min_Stack_Size = 0x400

.isr_vector     0x0000000008000000      0x130
                0x0000000008000000                . = ALIGN (0x4)
 *(.isr_vector)
 .isr_vector    0x0000000008000000      0x130 startup/startup_stm32.o
                0x0000000008000000                g_pfnVectors
                0x0000000008000130                . = ALIGN (0x4)

.text           0x0000000008000130     0x1e24
                0x0000000008000130                . = ALIGN (0x4)
 *(.text)
 .text          0x0000000008000130       0x40 /home/martin/programasInstalados/Ac6/SystemWorkbench/plugins/fr.ac6.mcu.externaltools.arm-none.linux64_1.17.0.201812190825/tools/compiler/bin/../lib/gcc/arm-none-eabi/7.3.1/thumb/v7-m/crtbegin.o
 .text          0x0000000008000170      0x1bc /home/martin/programasInstalados/Ac6/SystemWorkbench/plugins/fr.ac6.mcu.externaltools.arm-none.linux64_1.17.0.201812190825/tools/compiler/bin/../lib/gcc/arm-none-eabi/7.3.1/../../../../arm-none-eabi/lib/thumb/v7-m/libc.a(lib_a-strcmp.o)
                0x0000000008000170                strcmp
 *(.text*)
 .text.DMA_Cmd  0x000000000800032c       0x38 StdPeriph_Driver/src/stm32f10x_dma.o
                0x000000000800032c                DMA_Cmd
 .text.DMA_ClearITPendingBit
                0x0000000008000364       0x34 StdPeriph_Driver/src/stm32f10x_dma.o
                0x0000000008000364                DMA_ClearITPendingBit
 .text.EXTI_GetFlagStatus
                0x0000000008000398       0x34 StdPeriph_Driver/src/stm32f10x_exti.o
                0x0000000008000398                EXTI_GetFlagStatus
 .text.EXTI_ClearFlag
                0x00000000080003cc       0x1c StdPeriph_Driver/src/stm32f10x_exti.o
                0x00000000080003cc                EXTI_ClearFlag
 .text.GPIO_ReadInputDataBit
                0x00000000080003e8       0x32 StdPeriph_Driver/src/stm32f10x_gpio.o
                0x00000000080003e8                GPIO_ReadInputDataBit
 .text.GPIO_ReadOutputDataBit
                0x000000000800041a       0x32 StdPeriph_Driver/src/stm32f10x_gpio.o
                0x000000000800041a                GPIO_ReadOutputDataBit
 .text.GPIO_SetBits
                0x000000000800044c       0x1c StdPeriph_Driver/src/stm32f10x_gpio.o
                0x000000000800044c                GPIO_SetBits
 .text.GPIO_ResetBits
                0x0000000008000468       0x1c StdPeriph_Driver/src/stm32f10x_gpio.o
                0x0000000008000468                GPIO_ResetBits
 .text.RCC_GetClocksFreq
                0x0000000008000484      0x160 StdPeriph_Driver/src/stm32f10x_rcc.o
                0x0000000008000484                RCC_GetClocksFreq
 .text.TIM_GetITStatus
                0x00000000080005e4       0x52 StdPeriph_Driver/src/stm32f10x_tim.o
                0x00000000080005e4                TIM_GetITStatus
 *fill*         0x0000000008000636        0x2 
 .text.USART_Init
                0x0000000008000638      0x174 StdPeriph_Driver/src/stm32f10x_usart.o
                0x0000000008000638                USART_Init
 .text.USART_Cmd
                0x00000000080007ac       0x3e StdPeriph_Driver/src/stm32f10x_usart.o
                0x00000000080007ac                USART_Cmd
 *fill*         0x00000000080007ea        0x2 
 .text.NVIC_EnableIRQ
                0x00000000080007ec       0x30 src/main.o
 .text.main     0x000000000800081c       0x58 src/main.o
                0x000000000800081c                main
 .text.configClock
                0x0000000008000874       0x88 src/main.o
                0x0000000008000874                configClock
 .text.configPines
                0x00000000080008fc      0x1c4 src/main.o
                0x00000000080008fc                configPines
 .text.configUsart
                0x0000000008000ac0       0x54 src/main.o
                0x0000000008000ac0                configUsart
 .text.configDMA
                0x0000000008000b14       0xa4 src/main.o
                0x0000000008000b14                configDMA
 .text.configTimer
                0x0000000008000bb8      0x154 src/main.o
                0x0000000008000bb8                configTimer
 .text.configSysTick
                0x0000000008000d0c       0x34 src/main.o
                0x0000000008000d0c                configSysTick
 .text.configPinesExternalInterrupt
                0x0000000008000d40      0x10c src/main.o
                0x0000000008000d40                configPinesExternalInterrupt
 .text.DMA1_Channel5_IRQHandler
                0x0000000008000e4c      0x41c src/main.o
                0x0000000008000e4c                DMA1_Channel5_IRQHandler
 .text.DMA1_Channel4_IRQHandler
                0x0000000008001268       0x1c src/main.o
                0x0000000008001268                DMA1_Channel4_IRQHandler
 .text.TIM2_IRQHandler
                0x0000000008001284       0x44 src/main.o
                0x0000000008001284                TIM2_IRQHandler
 .text.TIM3_IRQHandler
                0x00000000080012c8       0x84 src/main.o
                0x00000000080012c8                TIM3_IRQHandler
 .text.SysTick_Handler
                0x000000000800134c       0x1c src/main.o
                0x000000000800134c                SysTick_Handler
 .text.EXTI0_IRQHandler
                0x0000000008001368      0x10c src/main.o
                0x0000000008001368                EXTI0_IRQHandler
 .text.EXTI1_IRQHandler
                0x0000000008001474      0x10c src/main.o
                0x0000000008001474                EXTI1_IRQHandler
 .text.EXTI2_IRQHandler
                0x0000000008001580      0x10c src/main.o
                0x0000000008001580                EXTI2_IRQHandler
 .text.EXTI3_IRQHandler
                0x000000000800168c      0x10c src/main.o
                0x000000000800168c                EXTI3_IRQHandler
 .text.EXTI4_IRQHandler
                0x0000000008001798      0x138 src/main.o
                0x0000000008001798                EXTI4_IRQHandler
 .text.cambioLed
                0x00000000080018d0       0x3c src/main.o
                0x00000000080018d0                cambioLed
 .text.configuracionTiempoSonar
                0x000000000800190c      0x1fc src/main.o
                0x000000000800190c                configuracionTiempoSonar
 .text.activarSirena
                0x0000000008001b08       0x4c src/main.o
                0x0000000008001b08                activarSirena
 .text.SystemInit
                0x0000000008001b54       0x68 src/system_stm32f10x.o
                0x0000000008001b54                SystemInit
 .text.SetSysClock
                0x0000000008001bbc        0xc src/system_stm32f10x.o
 .text.SetSysClockTo72
                0x0000000008001bc8      0x100 src/system_stm32f10x.o
 .text.Reset_Handler
                0x0000000008001cc8       0x50 startup/startup_stm32.o
                0x0000000008001cc8                Reset_Handler
 .text.Default_Handler
                0x0000000008001d18        0x2 startup/startup_stm32.o
                0x0000000008001d18                TIM8_TRG_COM_IRQHandler
                0x0000000008001d18                TIM8_CC_IRQHandler
                0x0000000008001d18                DebugMon_Handler
                0x0000000008001d18                TIM1_CC_IRQHandler
                0x0000000008001d18                HardFault_Handler
                0x0000000008001d18                TIM6_IRQHandler
                0x0000000008001d18                PVD_IRQHandler
                0x0000000008001d18                SDIO_IRQHandler
                0x0000000008001d18                PendSV_Handler
                0x0000000008001d18                NMI_Handler
                0x0000000008001d18                USB_HP_CAN_TX_IRQHandler
                0x0000000008001d18                I2C2_EV_IRQHandler
                0x0000000008001d18                UsageFault_Handler
                0x0000000008001d18                ADC1_2_IRQHandler
                0x0000000008001d18                SPI1_IRQHandler
                0x0000000008001d18                CAN_SCE_IRQHandler
                0x0000000008001d18                TAMPER_IRQHandler
                0x0000000008001d18                TIM8_UP_IRQHandler
                0x0000000008001d18                DMA2_Channel2_IRQHandler
                0x0000000008001d18                USART3_IRQHandler
                0x0000000008001d18                RTC_IRQHandler
                0x0000000008001d18                DMA1_Channel7_IRQHandler
                0x0000000008001d18                UART5_IRQHandler
                0x0000000008001d18                ADC3_IRQHandler
                0x0000000008001d18                TIM4_IRQHandler
                0x0000000008001d18                CAN_RX1_IRQHandler
                0x0000000008001d18                DMA2_Channel1_IRQHandler
                0x0000000008001d18                I2C1_EV_IRQHandler
                0x0000000008001d18                DMA1_Channel6_IRQHandler
                0x0000000008001d18                UART4_IRQHandler
                0x0000000008001d18                RCC_IRQHandler
                0x0000000008001d18                TIM1_TRG_COM_IRQHandler
                0x0000000008001d18                DMA1_Channel1_IRQHandler
                0x0000000008001d18                Default_Handler
                0x0000000008001d18                EXTI15_10_IRQHandler
                0x0000000008001d18                TIM7_IRQHandler
                0x0000000008001d18                TIM5_IRQHandler
                0x0000000008001d18                EXTI9_5_IRQHandler
                0x0000000008001d18                SPI2_IRQHandler
                0x0000000008001d18                USB_LP_CAN_RX0_IRQHandler
                0x0000000008001d18                MemManage_Handler
                0x0000000008001d18                SVC_Handler
                0x0000000008001d18                DMA1_Channel3_IRQHandler
                0x0000000008001d18                FSMC_IRQHandler
                0x0000000008001d18                TIM1_UP_IRQHandler
                0x0000000008001d18                WWDG_IRQHandler
                0x0000000008001d18                TIM1_BRK_IRQHandler
                0x0000000008001d18                RTCAlarm_IRQHandler
                0x0000000008001d18                DMA2_Channel4_5_IRQHandler
                0x0000000008001d18                USART2_IRQHandler
                0x0000000008001d18                I2C2_ER_IRQHandler
                0x0000000008001d18                DMA1_Channel2_IRQHandler
                0x0000000008001d18                TIM8_BRK_IRQHandler
                0x0000000008001d18                FLASH_IRQHandler
                0x0000000008001d18                BusFault_Handler
                0x0000000008001d18                USART1_IRQHandler
                0x0000000008001d18                SPI3_IRQHandler
                0x0000000008001d18                I2C1_ER_IRQHandler
                0x0000000008001d18                DMA2_Channel3_IRQHandler
 *fill*         0x0000000008001d1a        0x2 
 .text.__libc_init_array
                0x0000000008001d1c       0x48 /home/martin/programasInstalados/Ac6/SystemWorkbench/plugins/fr.ac6.mcu.externaltools.arm-none.linux64_1.17.0.201812190825/tools/compiler/bin/../lib/gcc/arm-none-eabi/7.3.1/../../../../arm-none-eabi/lib/thumb/v7-m/libc.a(lib_a-init.o)
                0x0000000008001d1c                __libc_init_array
 .text.strcpy   0x0000000008001d64       0xbc /home/martin/programasInstalados/Ac6/SystemWorkbench/plugins/fr.ac6.mcu.externaltools.arm-none.linux64_1.17.0.201812190825/tools/compiler/bin/../lib/gcc/arm-none-eabi/7.3.1/../../../../arm-none-eabi/lib/thumb/v7-m/libc.a(lib_a-strcpy.o)
                0x0000000008001d64                strcpy
 .text.startup.register_fini
                0x0000000008001e20       0x14 /home/martin/programasInstalados/Ac6/SystemWorkbench/plugins/fr.ac6.mcu.externaltools.arm-none.linux64_1.17.0.201812190825/tools/compiler/bin/../lib/gcc/arm-none-eabi/7.3.1/../../../../arm-none-eabi/lib/thumb/v7-m/libc.a(lib_a-__call_atexit.o)
 .text.atexit   0x0000000008001e34        0xc /home/martin/programasInstalados/Ac6/SystemWorkbench/plugins/fr.ac6.mcu.externaltools.arm-none.linux64_1.17.0.201812190825/tools/compiler/bin/../lib/gcc/arm-none-eabi/7.3.1/../../../../arm-none-eabi/lib/thumb/v7-m/libc.a(lib_a-atexit.o)
                0x0000000008001e34                atexit
 .text.__libc_fini_array
                0x0000000008001e40       0x34 /home/martin/programasInstalados/Ac6/SystemWorkbench/plugins/fr.ac6.mcu.externaltools.arm-none.linux64_1.17.0.201812190825/tools/compiler/bin/../lib/gcc/arm-none-eabi/7.3.1/../../../../arm-none-eabi/lib/thumb/v7-m/libc.a(lib_a-fini.o)
                0x0000000008001e40                __libc_fini_array
 .text.__retarget_lock_acquire_recursive
                0x0000000008001e74        0x4 /home/martin/programasInstalados/Ac6/SystemWorkbench/plugins/fr.ac6.mcu.externaltools.arm-none.linux64_1.17.0.201812190825/tools/compiler/bin/../lib/gcc/arm-none-eabi/7.3.1/../../../../arm-none-eabi/lib/thumb/v7-m/libc.a(lib_a-lock.o)
                0x0000000008001e74                __retarget_lock_acquire_recursive
 .text.__retarget_lock_release_recursive
                0x0000000008001e78        0x4 /home/martin/programasInstalados/Ac6/SystemWorkbench/plugins/fr.ac6.mcu.externaltools.arm-none.linux64_1.17.0.201812190825/tools/compiler/bin/../lib/gcc/arm-none-eabi/7.3.1/../../../../arm-none-eabi/lib/thumb/v7-m/libc.a(lib_a-lock.o)
                0x0000000008001e78                __retarget_lock_release_recursive
 .text.__register_exitproc
                0x0000000008001e7c       0xc0 /home/martin/programasInstalados/Ac6/SystemWorkbench/plugins/fr.ac6.mcu.externaltools.arm-none.linux64_1.17.0.201812190825/tools/compiler/bin/../lib/gcc/arm-none-eabi/7.3.1/../../../../arm-none-eabi/lib/thumb/v7-m/libc.a(lib_a-__atexit.o)
                0x0000000008001e7c                __register_exitproc
 *(.glue_7)
 .glue_7        0x0000000008001f3c        0x0 linker stubs
 *(.glue_7t)
 .glue_7t       0x0000000008001f3c        0x0 linker stubs
 *(.eh_frame)
 .eh_frame      0x0000000008001f3c        0x0 /home/martin/programasInstalados/Ac6/SystemWorkbench/plugins/fr.ac6.mcu.externaltools.arm-none.linux64_1.17.0.201812190825/tools/compiler/bin/../lib/gcc/arm-none-eabi/7.3.1/thumb/v7-m/crtbegin.o
 *(.init)
 .init          0x0000000008001f3c        0x4 /home/martin/programasInstalados/Ac6/SystemWorkbench/plugins/fr.ac6.mcu.externaltools.arm-none.linux64_1.17.0.201812190825/tools/compiler/bin/../lib/gcc/arm-none-eabi/7.3.1/thumb/v7-m/crti.o
                0x0000000008001f3c                _init
 .init          0x0000000008001f40        0x8 /home/martin/programasInstalados/Ac6/SystemWorkbench/plugins/fr.ac6.mcu.externaltools.arm-none.linux64_1.17.0.201812190825/tools/compiler/bin/../lib/gcc/arm-none-eabi/7.3.1/thumb/v7-m/crtn.o
 *(.fini)
 .fini          0x0000000008001f48        0x4 /home/martin/programasInstalados/Ac6/SystemWorkbench/plugins/fr.ac6.mcu.externaltools.arm-none.linux64_1.17.0.201812190825/tools/compiler/bin/../lib/gcc/arm-none-eabi/7.3.1/thumb/v7-m/crti.o
                0x0000000008001f48                _fini
 .fini          0x0000000008001f4c        0x8 /home/martin/programasInstalados/Ac6/SystemWorkbench/plugins/fr.ac6.mcu.externaltools.arm-none.linux64_1.17.0.201812190825/tools/compiler/bin/../lib/gcc/arm-none-eabi/7.3.1/thumb/v7-m/crtn.o
                0x0000000008001f54                . = ALIGN (0x4)
                0x0000000008001f54                _etext = .

.vfp11_veneer   0x0000000008001f54        0x0
 .vfp11_veneer  0x0000000008001f54        0x0 linker stubs

.v4_bx          0x0000000008001f54        0x0
 .v4_bx         0x0000000008001f54        0x0 linker stubs

.iplt           0x0000000008001f54        0x0
 .iplt          0x0000000008001f54        0x0 /home/martin/programasInstalados/Ac6/SystemWorkbench/plugins/fr.ac6.mcu.externaltools.arm-none.linux64_1.17.0.201812190825/tools/compiler/bin/../lib/gcc/arm-none-eabi/7.3.1/thumb/v7-m/crtbegin.o

.rodata         0x0000000008001f54      0x134
                0x0000000008001f54                . = ALIGN (0x4)
 *(.rodata)
 .rodata        0x0000000008001f54      0x12f src/main.o
 *(.rodata*)
 *fill*         0x0000000008002083        0x1 
 .rodata._global_impure_ptr
                0x0000000008002084        0x4 /home/martin/programasInstalados/Ac6/SystemWorkbench/plugins/fr.ac6.mcu.externaltools.arm-none.linux64_1.17.0.201812190825/tools/compiler/bin/../lib/gcc/arm-none-eabi/7.3.1/../../../../arm-none-eabi/lib/thumb/v7-m/libc.a(lib_a-impure.o)
                0x0000000008002084                _global_impure_ptr
                0x0000000008002088                . = ALIGN (0x4)

.rel.dyn        0x0000000008002088        0x0
 .rel.iplt      0x0000000008002088        0x0 /home/martin/programasInstalados/Ac6/SystemWorkbench/plugins/fr.ac6.mcu.externaltools.arm-none.linux64_1.17.0.201812190825/tools/compiler/bin/../lib/gcc/arm-none-eabi/7.3.1/thumb/v7-m/crtbegin.o

.ARM.extab      0x0000000008002088        0x0
                0x0000000008002088                . = ALIGN (0x4)
 *(.ARM.extab* .gnu.linkonce.armextab.*)
                0x0000000008002088                . = ALIGN (0x4)

.ARM            0x0000000008002088        0x0
                0x0000000008002088                . = ALIGN (0x4)
                0x0000000008002088                __exidx_start = .
 *(.ARM.exidx*)
                0x0000000008002088                __exidx_end = .
                0x0000000008002088                . = ALIGN (0x4)

.preinit_array  0x0000000008002088        0x0
                0x0000000008002088                . = ALIGN (0x4)
                0x0000000008002088                PROVIDE (__preinit_array_start = .)
 *(.preinit_array*)
                0x0000000008002088                PROVIDE (__preinit_array_end = .)
                0x0000000008002088                . = ALIGN (0x4)

.init_array     0x0000000008002088        0x8
                0x0000000008002088                . = ALIGN (0x4)
                0x0000000008002088                PROVIDE (__init_array_start = .)
 *(SORT_BY_NAME(.init_array.*))
 .init_array.00000
                0x0000000008002088        0x4 /home/martin/programasInstalados/Ac6/SystemWorkbench/plugins/fr.ac6.mcu.externaltools.arm-none.linux64_1.17.0.201812190825/tools/compiler/bin/../lib/gcc/arm-none-eabi/7.3.1/../../../../arm-none-eabi/lib/thumb/v7-m/libc.a(lib_a-__call_atexit.o)
 *(.init_array*)
 .init_array    0x000000000800208c        0x4 /home/martin/programasInstalados/Ac6/SystemWorkbench/plugins/fr.ac6.mcu.externaltools.arm-none.linux64_1.17.0.201812190825/tools/compiler/bin/../lib/gcc/arm-none-eabi/7.3.1/thumb/v7-m/crtbegin.o
                0x0000000008002090                PROVIDE (__init_array_end = .)
                0x0000000008002090                . = ALIGN (0x4)

.fini_array     0x0000000008002090        0x4
                0x0000000008002090                . = ALIGN (0x4)
                0x0000000008002090                PROVIDE (__fini_array_start = .)
 *(SORT_BY_NAME(.fini_array.*))
 *(.fini_array*)
 .fini_array    0x0000000008002090        0x4 /home/martin/programasInstalados/Ac6/SystemWorkbench/plugins/fr.ac6.mcu.externaltools.arm-none.linux64_1.17.0.201812190825/tools/compiler/bin/../lib/gcc/arm-none-eabi/7.3.1/thumb/v7-m/crtbegin.o
                0x0000000008002094                PROVIDE (__fini_array_end = .)
                0x0000000008002094                . = ALIGN (0x4)
                0x0000000008002094                _sidata = LOADADDR (.data)

.data           0x0000000020000000      0x444 load address 0x0000000008002094
                0x0000000020000000                . = ALIGN (0x4)
                0x0000000020000000                _sdata = .
 *(.data)
 .data          0x0000000020000000       0x14 StdPeriph_Driver/src/stm32f10x_rcc.o
 *(.data*)
 *fill*         0x0000000020000014        0x4 
 .data.impure_data
                0x0000000020000018      0x428 /home/martin/programasInstalados/Ac6/SystemWorkbench/plugins/fr.ac6.mcu.externaltools.arm-none.linux64_1.17.0.201812190825/tools/compiler/bin/../lib/gcc/arm-none-eabi/7.3.1/../../../../arm-none-eabi/lib/thumb/v7-m/libc.a(lib_a-impure.o)
 .data.__atexit_recursive_mutex
                0x0000000020000440        0x4 /home/martin/programasInstalados/Ac6/SystemWorkbench/plugins/fr.ac6.mcu.externaltools.arm-none.linux64_1.17.0.201812190825/tools/compiler/bin/../lib/gcc/arm-none-eabi/7.3.1/../../../../arm-none-eabi/lib/thumb/v7-m/libc.a(lib_a-__call_atexit.o)
                0x0000000020000440                __atexit_recursive_mutex
                0x0000000020000444                . = ALIGN (0x4)
                0x0000000020000444                _edata = .

.igot.plt       0x0000000020000444        0x0 load address 0x00000000080024d8
 .igot.plt      0x0000000020000444        0x0 /home/martin/programasInstalados/Ac6/SystemWorkbench/plugins/fr.ac6.mcu.externaltools.arm-none.linux64_1.17.0.201812190825/tools/compiler/bin/../lib/gcc/arm-none-eabi/7.3.1/thumb/v7-m/crtbegin.o
                0x0000000020000444                . = ALIGN (0x4)

.bss            0x0000000020000444      0x10c load address 0x00000000080024d8
                0x0000000020000444                _sbss = .
                0x0000000020000444                __bss_start__ = _sbss
 *(.bss)
 .bss           0x0000000020000444       0x1c /home/martin/programasInstalados/Ac6/SystemWorkbench/plugins/fr.ac6.mcu.externaltools.arm-none.linux64_1.17.0.201812190825/tools/compiler/bin/../lib/gcc/arm-none-eabi/7.3.1/thumb/v7-m/crtbegin.o
 .bss           0x0000000020000460       0xc0 src/main.o
                0x0000000020000460                bufferRX
                0x00000000200004b0                bufferTX
                0x0000000020000500                flagConf
                0x0000000020000504                flagAlarmaActivaMovimiento
                0x0000000020000508                flagAlarmaActivaMagnetico
                0x000000002000050c                a0
                0x0000000020000510                a1
                0x0000000020000514                a2
                0x0000000020000518                a3
                0x000000002000051c                a4
 *(.bss*)
 *(COMMON)
 COMMON         0x0000000020000520        0xc src/main.o
                0x0000000020000520                tiempoTimer
                0x0000000020000524                tiempoTimer3
                0x0000000020000528                a
 COMMON         0x000000002000052c       0x21 /home/martin/programasInstalados/Ac6/SystemWorkbench/plugins/fr.ac6.mcu.externaltools.arm-none.linux64_1.17.0.201812190825/tools/compiler/bin/../lib/gcc/arm-none-eabi/7.3.1/../../../../arm-none-eabi/lib/thumb/v7-m/libc.a(lib_a-lock.o)
                0x000000002000052c                __lock___atexit_recursive_mutex
                0x0000000020000530                __lock___arc4random_mutex
                0x0000000020000534                __lock___env_recursive_mutex
                0x0000000020000538                __lock___sinit_recursive_mutex
                0x000000002000053c                __lock___malloc_recursive_mutex
                0x0000000020000540                __lock___at_quick_exit_mutex
                0x0000000020000544                __lock___dd_hash_mutex
                0x0000000020000548                __lock___tz_mutex
                0x000000002000054c                __lock___sfp_recursive_mutex
                0x0000000020000550                . = ALIGN (0x4)
 *fill*         0x000000002000054d        0x3 
                0x0000000020000550                _ebss = .
                0x0000000020000550                __bss_end__ = _ebss

._user_heap_stack
                0x0000000020000550      0x400 load address 0x00000000080024d8
                0x0000000020000550                . = ALIGN (0x8)
                0x0000000020000550                PROVIDE (end = .)
                [!provide]                        PROVIDE (_end = .)
                0x0000000020000550                . = (. + _Min_Heap_Size)
                0x0000000020000950                . = (. + _Min_Stack_Size)
 *fill*         0x0000000020000550      0x400 
                0x0000000020000950                . = ALIGN (0x8)

/DISCARD/
 libc.a(*)
 libm.a(*)
 libgcc.a(*)

.ARM.attributes
                0x0000000000000000       0x29
 *(.ARM.attributes)
 .ARM.attributes
                0x0000000000000000       0x1d /home/martin/programasInstalados/Ac6/SystemWorkbench/plugins/fr.ac6.mcu.externaltools.arm-none.linux64_1.17.0.201812190825/tools/compiler/bin/../lib/gcc/arm-none-eabi/7.3.1/thumb/v7-m/crti.o
 .ARM.attributes
                0x000000000000001d       0x2d /home/martin/programasInstalados/Ac6/SystemWorkbench/plugins/fr.ac6.mcu.externaltools.arm-none.linux64_1.17.0.201812190825/tools/compiler/bin/../lib/gcc/arm-none-eabi/7.3.1/thumb/v7-m/crtbegin.o
 .ARM.attributes
                0x000000000000004a       0x33 StdPeriph_Driver/src/stm32f10x_dma.o
 .ARM.attributes
                0x000000000000007d       0x33 StdPeriph_Driver/src/stm32f10x_exti.o
 .ARM.attributes
                0x00000000000000b0       0x33 StdPeriph_Driver/src/stm32f10x_gpio.o
 .ARM.attributes
                0x00000000000000e3       0x33 StdPeriph_Driver/src/stm32f10x_rcc.o
 .ARM.attributes
                0x0000000000000116       0x33 StdPeriph_Driver/src/stm32f10x_tim.o
 .ARM.attributes
                0x0000000000000149       0x33 StdPeriph_Driver/src/stm32f10x_usart.o
 .ARM.attributes
                0x000000000000017c       0x33 src/main.o
 .ARM.attributes
                0x00000000000001af       0x33 src/system_stm32f10x.o
 .ARM.attributes
                0x00000000000001e2       0x21 startup/startup_stm32.o
 .ARM.attributes
                0x0000000000000203       0x2d /home/martin/programasInstalados/Ac6/SystemWorkbench/plugins/fr.ac6.mcu.externaltools.arm-none.linux64_1.17.0.201812190825/tools/compiler/bin/../lib/gcc/arm-none-eabi/7.3.1/../../../../arm-none-eabi/lib/thumb/v7-m/libc.a(lib_a-impure.o)
 .ARM.attributes
                0x0000000000000230       0x2d /home/martin/programasInstalados/Ac6/SystemWorkbench/plugins/fr.ac6.mcu.externaltools.arm-none.linux64_1.17.0.201812190825/tools/compiler/bin/../lib/gcc/arm-none-eabi/7.3.1/../../../../arm-none-eabi/lib/thumb/v7-m/libc.a(lib_a-init.o)
 .ARM.attributes
                0x000000000000025d       0x1b /home/martin/programasInstalados/Ac6/SystemWorkbench/plugins/fr.ac6.mcu.externaltools.arm-none.linux64_1.17.0.201812190825/tools/compiler/bin/../lib/gcc/arm-none-eabi/7.3.1/../../../../arm-none-eabi/lib/thumb/v7-m/libc.a(lib_a-strcmp.o)
 .ARM.attributes
                0x0000000000000278       0x2d /home/martin/programasInstalados/Ac6/SystemWorkbench/plugins/fr.ac6.mcu.externaltools.arm-none.linux64_1.17.0.201812190825/tools/compiler/bin/../lib/gcc/arm-none-eabi/7.3.1/../../../../arm-none-eabi/lib/thumb/v7-m/libc.a(lib_a-strcpy.o)
 .ARM.attributes
                0x00000000000002a5       0x2d /home/martin/programasInstalados/Ac6/SystemWorkbench/plugins/fr.ac6.mcu.externaltools.arm-none.linux64_1.17.0.201812190825/tools/compiler/bin/../lib/gcc/arm-none-eabi/7.3.1/../../../../arm-none-eabi/lib/thumb/v7-m/libc.a(lib_a-__call_atexit.o)
 .ARM.attributes
                0x00000000000002d2       0x2d /home/martin/programasInstalados/Ac6/SystemWorkbench/plugins/fr.ac6.mcu.externaltools.arm-none.linux64_1.17.0.201812190825/tools/compiler/bin/../lib/gcc/arm-none-eabi/7.3.1/../../../../arm-none-eabi/lib/thumb/v7-m/libc.a(lib_a-atexit.o)
 .ARM.attributes
                0x00000000000002ff       0x2d /home/martin/programasInstalados/Ac6/SystemWorkbench/plugins/fr.ac6.mcu.externaltools.arm-none.linux64_1.17.0.201812190825/tools/compiler/bin/../lib/gcc/arm-none-eabi/7.3.1/../../../../arm-none-eabi/lib/thumb/v7-m/libc.a(lib_a-fini.o)
 .ARM.attributes
                0x000000000000032c       0x2d /home/martin/programasInstalados/Ac6/SystemWorkbench/plugins/fr.ac6.mcu.externaltools.arm-none.linux64_1.17.0.201812190825/tools/compiler/bin/../lib/gcc/arm-none-eabi/7.3.1/../../../../arm-none-eabi/lib/thumb/v7-m/libc.a(lib_a-lock.o)
 .ARM.attributes
                0x0000000000000359       0x2d /home/martin/programasInstalados/Ac6/SystemWorkbench/plugins/fr.ac6.mcu.externaltools.arm-none.linux64_1.17.0.201812190825/tools/compiler/bin/../lib/gcc/arm-none-eabi/7.3.1/../../../../arm-none-eabi/lib/thumb/v7-m/libc.a(lib_a-__atexit.o)
 .ARM.attributes
                0x0000000000000386       0x1d /home/martin/programasInstalados/Ac6/SystemWorkbench/plugins/fr.ac6.mcu.externaltools.arm-none.linux64_1.17.0.201812190825/tools/compiler/bin/../lib/gcc/arm-none-eabi/7.3.1/thumb/v7-m/crtn.o
OUTPUT(appControlHouseM3.elf elf32-littlearm)

.debug_info     0x0000000000000000     0x56e7
 .debug_info    0x0000000000000000      0x46f StdPeriph_Driver/src/stm32f10x_dma.o
 .debug_info    0x000000000000046f      0x34b StdPeriph_Driver/src/stm32f10x_exti.o
 .debug_info    0x00000000000007ba      0x6ec StdPeriph_Driver/src/stm32f10x_gpio.o
 .debug_info    0x0000000000000ea6      0x89c StdPeriph_Driver/src/stm32f10x_rcc.o
 .debug_info    0x0000000000001742     0x1c54 StdPeriph_Driver/src/stm32f10x_tim.o
 .debug_info    0x0000000000003396      0x9e4 StdPeriph_Driver/src/stm32f10x_usart.o
 .debug_info    0x0000000000003d7a     0x14fb src/main.o
 .debug_info    0x0000000000005275      0x450 src/system_stm32f10x.o
 .debug_info    0x00000000000056c5       0x22 startup/startup_stm32.o

.debug_abbrev   0x0000000000000000      0xf32
 .debug_abbrev  0x0000000000000000      0x187 StdPeriph_Driver/src/stm32f10x_dma.o
 .debug_abbrev  0x0000000000000187      0x16f StdPeriph_Driver/src/stm32f10x_exti.o
 .debug_abbrev  0x00000000000002f6      0x1e4 StdPeriph_Driver/src/stm32f10x_gpio.o
 .debug_abbrev  0x00000000000004da      0x1d4 StdPeriph_Driver/src/stm32f10x_rcc.o
 .debug_abbrev  0x00000000000006ae      0x1c8 StdPeriph_Driver/src/stm32f10x_tim.o
 .debug_abbrev  0x0000000000000876      0x194 StdPeriph_Driver/src/stm32f10x_usart.o
 .debug_abbrev  0x0000000000000a0a      0x378 src/main.o
 .debug_abbrev  0x0000000000000d82      0x19e src/system_stm32f10x.o
 .debug_abbrev  0x0000000000000f20       0x12 startup/startup_stm32.o

.debug_aranges  0x0000000000000000      0x7a8
 .debug_aranges
                0x0000000000000000       0x70 StdPeriph_Driver/src/stm32f10x_dma.o
 .debug_aranges
                0x0000000000000070       0x58 StdPeriph_Driver/src/stm32f10x_exti.o
 .debug_aranges
                0x00000000000000c8       0xa8 StdPeriph_Driver/src/stm32f10x_gpio.o
 .debug_aranges
                0x0000000000000170      0x118 StdPeriph_Driver/src/stm32f10x_rcc.o
 .debug_aranges
                0x0000000000000288      0x2f0 StdPeriph_Driver/src/stm32f10x_tim.o
 .debug_aranges
                0x0000000000000578      0x100 StdPeriph_Driver/src/stm32f10x_usart.o
 .debug_aranges
                0x0000000000000678       0xd0 src/main.o
 .debug_aranges
                0x0000000000000748       0x38 src/system_stm32f10x.o
 .debug_aranges
                0x0000000000000780       0x28 startup/startup_stm32.o

.debug_ranges   0x0000000000000000      0x720
 .debug_ranges  0x0000000000000000       0x60 StdPeriph_Driver/src/stm32f10x_dma.o
 .debug_ranges  0x0000000000000060       0x48 StdPeriph_Driver/src/stm32f10x_exti.o
 .debug_ranges  0x00000000000000a8       0x98 StdPeriph_Driver/src/stm32f10x_gpio.o
 .debug_ranges  0x0000000000000140      0x108 StdPeriph_Driver/src/stm32f10x_rcc.o
 .debug_ranges  0x0000000000000248      0x2e0 StdPeriph_Driver/src/stm32f10x_tim.o
 .debug_ranges  0x0000000000000528       0xf0 StdPeriph_Driver/src/stm32f10x_usart.o
 .debug_ranges  0x0000000000000618       0xc0 src/main.o
 .debug_ranges  0x00000000000006d8       0x28 src/system_stm32f10x.o
 .debug_ranges  0x0000000000000700       0x20 startup/startup_stm32.o

.debug_macro    0x0000000000000000     0x3068
 .debug_macro   0x0000000000000000      0x1dd StdPeriph_Driver/src/stm32f10x_dma.o
 .debug_macro   0x00000000000001dd      0x3a7 StdPeriph_Driver/src/stm32f10x_dma.o
 .debug_macro   0x0000000000000584      0x18b StdPeriph_Driver/src/stm32f10x_exti.o
 .debug_macro   0x000000000000070f       0x94 StdPeriph_Driver/src/stm32f10x_exti.o
 .debug_macro   0x00000000000007a3      0x1d7 StdPeriph_Driver/src/stm32f10x_gpio.o
 .debug_macro   0x000000000000097a      0x2a6 StdPeriph_Driver/src/stm32f10x_gpio.o
 .debug_macro   0x0000000000000c20      0x2a1 StdPeriph_Driver/src/stm32f10x_rcc.o
 .debug_macro   0x0000000000000ec1      0x3dc StdPeriph_Driver/src/stm32f10x_rcc.o
 .debug_macro   0x000000000000129d      0x1a1 StdPeriph_Driver/src/stm32f10x_tim.o
 .debug_macro   0x000000000000143e      0x70b StdPeriph_Driver/src/stm32f10x_tim.o
 .debug_macro   0x0000000000001b49      0x23d StdPeriph_Driver/src/stm32f10x_usart.o
 .debug_macro   0x0000000000001d86      0x21a StdPeriph_Driver/src/stm32f10x_usart.o
 .debug_macro   0x0000000000001fa0      0x301 src/main.o
 .debug_macro   0x00000000000022a1       0x5e src/main.o
 .debug_macro   0x00000000000022ff       0x18 src/main.o
 .debug_macro   0x0000000000002317       0x35 src/main.o
 .debug_macro   0x000000000000234c       0x34 src/main.o
 .debug_macro   0x0000000000002380       0x16 src/main.o
 .debug_macro   0x0000000000002396       0x97 src/main.o
 .debug_macro   0x000000000000242d      0x330 src/main.o
 .debug_macro   0x000000000000275d       0xfd src/main.o
 .debug_macro   0x000000000000285a       0x10 src/main.o
 .debug_macro   0x000000000000286a       0x58 src/main.o
 .debug_macro   0x00000000000028c2       0x1f src/main.o
 .debug_macro   0x00000000000028e1       0x43 src/main.o
 .debug_macro   0x0000000000002924       0x20 src/main.o
 .debug_macro   0x0000000000002944      0x18e src/main.o
 .debug_macro   0x0000000000002ad2       0x10 src/main.o
 .debug_macro   0x0000000000002ae2       0x1c src/main.o
 .debug_macro   0x0000000000002afe       0x52 src/main.o
 .debug_macro   0x0000000000002b50       0x40 src/main.o
 .debug_macro   0x0000000000002b90       0x10 src/main.o
 .debug_macro   0x0000000000002ba0       0x40 src/main.o
 .debug_macro   0x0000000000002be0       0xd7 src/main.o
 .debug_macro   0x0000000000002cb7       0x1c src/main.o
 .debug_macro   0x0000000000002cd3       0x3d src/main.o
 .debug_macro   0x0000000000002d10       0x16 src/main.o
 .debug_macro   0x0000000000002d26      0x16f src/main.o
 .debug_macro   0x0000000000002e95       0x16 src/main.o
 .debug_macro   0x0000000000002eab       0x35 src/main.o
 .debug_macro   0x0000000000002ee0      0x188 src/system_stm32f10x.o

.debug_line     0x0000000000000000     0x4aa0
 .debug_line    0x0000000000000000      0x789 StdPeriph_Driver/src/stm32f10x_dma.o
 .debug_line    0x0000000000000789      0x6f6 StdPeriph_Driver/src/stm32f10x_exti.o
 .debug_line    0x0000000000000e7f      0x820 StdPeriph_Driver/src/stm32f10x_gpio.o
 .debug_line    0x000000000000169f      0x91c StdPeriph_Driver/src/stm32f10x_rcc.o
 .debug_line    0x0000000000001fbb      0xfa1 StdPeriph_Driver/src/stm32f10x_tim.o
 .debug_line    0x0000000000002f5c      0x8ee StdPeriph_Driver/src/stm32f10x_usart.o
 .debug_line    0x000000000000384a      0xb05 src/main.o
 .debug_line    0x000000000000434f      0x6d5 src/system_stm32f10x.o
 .debug_line    0x0000000000004a24       0x7c startup/startup_stm32.o

.debug_str      0x0000000000000000    0x5458d
 .debug_str     0x0000000000000000    0x4d768 StdPeriph_Driver/src/stm32f10x_dma.o
                                      0x4d8f4 (size before relaxing)
 .debug_str     0x000000000004d768      0x1db StdPeriph_Driver/src/stm32f10x_exti.o
                                      0x4d3d5 (size before relaxing)
 .debug_str     0x000000000004d943      0x5b8 StdPeriph_Driver/src/stm32f10x_gpio.o
                                      0x4d7c4 (size before relaxing)
 .debug_str     0x000000000004defb      0xb59 StdPeriph_Driver/src/stm32f10x_rcc.o
                                      0x4ddaa (size before relaxing)
 .debug_str     0x000000000004ea54      0xc3d StdPeriph_Driver/src/stm32f10x_tim.o
                                      0x4dec8 (size before relaxing)
 .debug_str     0x000000000004f691      0x7f0 StdPeriph_Driver/src/stm32f10x_usart.o
                                      0x4dad4 (size before relaxing)
 .debug_str     0x000000000004fe81     0x45ad src/main.o
                                      0x51adb (size before relaxing)
 .debug_str     0x000000000005442e       0xf8 src/system_stm32f10x.o
                                      0x4d358 (size before relaxing)
 .debug_str     0x0000000000054526       0x67 startup/startup_stm32.o

.comment        0x0000000000000000       0x7f
 .comment       0x0000000000000000       0x7f StdPeriph_Driver/src/stm32f10x_dma.o
                                         0x80 (size before relaxing)
 .comment       0x000000000000007f       0x80 StdPeriph_Driver/src/stm32f10x_exti.o
 .comment       0x000000000000007f       0x80 StdPeriph_Driver/src/stm32f10x_gpio.o
 .comment       0x000000000000007f       0x80 StdPeriph_Driver/src/stm32f10x_rcc.o
 .comment       0x000000000000007f       0x80 StdPeriph_Driver/src/stm32f10x_tim.o
 .comment       0x000000000000007f       0x80 StdPeriph_Driver/src/stm32f10x_usart.o
 .comment       0x000000000000007f       0x80 src/main.o
 .comment       0x000000000000007f       0x80 src/system_stm32f10x.o

.debug_frame    0x0000000000000000     0x2318
 .debug_frame   0x0000000000000000      0x1c8 StdPeriph_Driver/src/stm32f10x_dma.o
 .debug_frame   0x00000000000001c8      0x148 StdPeriph_Driver/src/stm32f10x_exti.o
 .debug_frame   0x0000000000000310      0x2d0 StdPeriph_Driver/src/stm32f10x_gpio.o
 .debug_frame   0x00000000000005e0      0x4f4 StdPeriph_Driver/src/stm32f10x_rcc.o
 .debug_frame   0x0000000000000ad4      0xe2c StdPeriph_Driver/src/stm32f10x_tim.o
 .debug_frame   0x0000000000001900      0x490 StdPeriph_Driver/src/stm32f10x_usart.o
 .debug_frame   0x0000000000001d90      0x2dc src/main.o
 .debug_frame   0x000000000000206c       0x98 src/system_stm32f10x.o
 .debug_frame   0x0000000000002104       0x2c /home/martin/programasInstalados/Ac6/SystemWorkbench/plugins/fr.ac6.mcu.externaltools.arm-none.linux64_1.17.0.201812190825/tools/compiler/bin/../lib/gcc/arm-none-eabi/7.3.1/../../../../arm-none-eabi/lib/thumb/v7-m/libc.a(lib_a-init.o)
 .debug_frame   0x0000000000002130       0x34 /home/martin/programasInstalados/Ac6/SystemWorkbench/plugins/fr.ac6.mcu.externaltools.arm-none.linux64_1.17.0.201812190825/tools/compiler/bin/../lib/gcc/arm-none-eabi/7.3.1/../../../../arm-none-eabi/lib/thumb/v7-m/libc.a(lib_a-strcmp.o)
 .debug_frame   0x0000000000002164       0x20 /home/martin/programasInstalados/Ac6/SystemWorkbench/plugins/fr.ac6.mcu.externaltools.arm-none.linux64_1.17.0.201812190825/tools/compiler/bin/../lib/gcc/arm-none-eabi/7.3.1/../../../../arm-none-eabi/lib/thumb/v7-m/libc.a(lib_a-strcpy.o)
 .debug_frame   0x0000000000002184       0x5c /home/martin/programasInstalados/Ac6/SystemWorkbench/plugins/fr.ac6.mcu.externaltools.arm-none.linux64_1.17.0.201812190825/tools/compiler/bin/../lib/gcc/arm-none-eabi/7.3.1/../../../../arm-none-eabi/lib/thumb/v7-m/libc.a(lib_a-__call_atexit.o)
 .debug_frame   0x00000000000021e0       0x20 /home/martin/programasInstalados/Ac6/SystemWorkbench/plugins/fr.ac6.mcu.externaltools.arm-none.linux64_1.17.0.201812190825/tools/compiler/bin/../lib/gcc/arm-none-eabi/7.3.1/../../../../arm-none-eabi/lib/thumb/v7-m/libc.a(lib_a-atexit.o)
 .debug_frame   0x0000000000002200       0x34 /home/martin/programasInstalados/Ac6/SystemWorkbench/plugins/fr.ac6.mcu.externaltools.arm-none.linux64_1.17.0.201812190825/tools/compiler/bin/../lib/gcc/arm-none-eabi/7.3.1/../../../../arm-none-eabi/lib/thumb/v7-m/libc.a(lib_a-fini.o)
 .debug_frame   0x0000000000002234       0xb0 /home/martin/programasInstalados/Ac6/SystemWorkbench/plugins/fr.ac6.mcu.externaltools.arm-none.linux64_1.17.0.201812190825/tools/compiler/bin/../lib/gcc/arm-none-eabi/7.3.1/../../../../arm-none-eabi/lib/thumb/v7-m/libc.a(lib_a-lock.o)
 .debug_frame   0x00000000000022e4       0x34 /home/martin/programasInstalados/Ac6/SystemWorkbench/plugins/fr.ac6.mcu.externaltools.arm-none.linux64_1.17.0.201812190825/tools/compiler/bin/../lib/gcc/arm-none-eabi/7.3.1/../../../../arm-none-eabi/lib/thumb/v7-m/libc.a(lib_a-__atexit.o)
